Collecting flask (from -r requirements.txt (line 1))
  Using cached flask-3.1.3-py3-none-any.whl.metadata (3.2 kB)
Collecting flask-socketio>=5.3.0 (from -r requirements.txt (line 2))
  Using cached flask_socketio-5.6.1-py3-none-any.whl.metadata (2.6 kB)
Collecting requests (from -r requirements.txt (line 3))
  Using cached requests-2.34.2-py3-none-any.whl.metadata (4.8 kB)
Collecting dnspython (from -r requirements.txt (line 4))
  Using cached dnspython-2.8.0-py3-none-any.whl.metadata (5.7 kB)
Collecting python-whois (from -r requirements.txt (line 5))
  Using cached python_whois-0.9.6-py3-none-any.whl.metadata (3.0 kB)
Collecting eventlet>=0.36.0 (from -r requirements.txt (line 6))
  Using cached eventlet-0.41.2-py3-none-any.whl.metadata (5.4 kB)
Collecting blinker>=1.9.0 (from flask->-r requirements.txt (line 1))
  Using cached blinker-1.9.0-py3-none-any.whl.metadata (1.6 kB)
Collecting click>=8.1.3 (from flask->-r requirements.txt (line 1))
  Using cached click-8.5.0-py3-none-any.whl.metadata (2.6 kB)
Collecting itsdangerous>=2.2.0 (from flask->-r requirements.txt (line 1))
  Using cached itsdangerous-2.2.0-py3-none-any.whl.metadata (1.9 kB)
Collecting jinja2>=3.1.2 (from flask->-r requirements.txt (line 1))
  Using cached jinja2-3.1.6-py3-none-any.whl.metadata (2.9 kB)
Collecting markupsafe>=2.1.1 (from flask->-r requirements.txt (line 1))
  Using cached markupsafe-3.0.3-cp314-cp314-win_amd64.whl.metadata (2.8 kB)
Collecting werkzeug>=3.1.0 (from flask->-r requirements.txt (line 1))
  Using cached werkzeug-3.1.8-py3-none-any.whl.metadata (4.0 kB)
Collecting python-socketio>=5.12.0 (from flask-socketio>=5.3.0->-r requirements.txt (line 2))
  Using cached python_socketio-5.17.0-py3-none-any.whl.metadata (3.6 kB)
Collecting charset_normalizer<4,>=2 (from requests->-r requirements.txt (line 3))
  Using cached charset_normalizer-3.5.1-cp314-cp314-win_amd64.whl.metadata (46 kB)
Collecting idna<4,>=2.5 (from requests->-r requirements.txt (line 3))
  Using cached idna-3.20-py3-none-any.whl.metadata (7.2 kB)
Collecting urllib3<3,>=1.26 (from requests->-r requirements.txt (line 3))
  Using cached urllib3-2.8.0-py3-none-any.whl.metadata (7.4 kB)
Collecting certifi>=2023.5.7 (from requests->-r requirements.txt (line 3))
  Using cached certifi-2026.7.22-py3-none-any.whl.metadata (2.5 kB)
Collecting python-dateutil (from python-whois->-r requirements.txt (line 5))
  Using cached python_dateutil-2.9.0.post0-py2.py3-none-any.whl.metadata (8.4 kB)
Collecting greenlet>=1.0 (from eventlet>=0.36.0->-r requirements.txt (line 6))
  Using cached greenlet-3.5.6-cp314-cp314-win_amd64.whl.metadata (3.9 kB)
Collecting bidict>=0.21.0 (from python-socketio>=5.12.0->flask-socketio>=5.3.0->-r requirements.txt (line 2))
  Using cached bidict-0.24.1-py3-none-any.whl.metadata (8.7 kB)
Collecting python-engineio>=4.13.2 (from python-socketio>=5.12.0->flask-socketio>=5.3.0->-r requirements.txt (line 2))
  Using cached python_engineio-4.14.0-py3-none-any.whl.metadata (2.5 kB)
Collecting simple-websocket>=0.10.0 (from python-engineio>=4.13.2->python-socketio>=5.12.0->flask-socketio>=5.3.0->-r requirements.txt (line 2))
  Using cached simple_websocket-1.1.0-py3-none-any.whl.metadata (1.5 kB)
Collecting wsproto (from simple-websocket>=0.10.0->python-engineio>=4.13.2->python-socketio>=5.12.0->flask-socketio>=5.3.0->-r requirements.txt (line 2))
  Using cached wsproto-1.3.2-py3-none-any.whl.metadata (5.2 kB)
Collecting six>=1.5 (from python-dateutil->python-whois->-r requirements.txt (line 5))
  Using cached six-1.17.0-py2.py3-none-any.whl.metadata (1.7 kB)
Collecting h11<1,>=0.16.0 (from wsproto->simple-websocket>=0.10.0->python-engineio>=4.13.2->python-socketio>=5.12.0->flask-socketio>=5.3.0->-r requirements.txt (line 2))
  Using cached h11-0.16.0-py3-none-any.whl.metadata (8.3 kB)
Using cached flask-3.1.3-py3-none-any.whl (103 kB)
Using cached flask_socketio-5.6.1-py3-none-any.whl (18 kB)
Using cached requests-2.34.2-py3-none-any.whl (73 kB)
Using cached charset_normalizer-3.5.1-cp314-cp314-win_amd64.whl (204 kB)
Using cached idna-3.20-py3-none-any.whl (69 kB)
Using cached urllib3-2.8.0-py3-none-any.whl (135 kB)
Using cached dnspython-2.8.0-py3-none-any.whl (331 kB)
Using cached python_whois-0.9.6-py3-none-any.whl (116 kB)
Using cached eventlet-0.41.2-py3-none-any.whl (364 kB)
Using cached blinker-1.9.0-py3-none-any.whl (8.5 kB)
Using cached certifi-2026.7.22-py3-none-any.whl (136 kB)
Using cached click-8.5.0-py3-none-any.whl (125 kB)
Using cached greenlet-3.5.6-cp314-cp314-win_amd64.whl (327 kB)
Using cached itsdangerous-2.2.0-py3-none-any.whl (16 kB)
Using cached jinja2-3.1.6-py3-none-any.whl (134 kB)
Using cached markupsafe-3.0.3-cp314-cp314-win_amd64.whl (15 kB)
Using cached python_socketio-5.17.0-py3-none-any.whl (82 kB)
Using cached bidict-0.24.1-py3-none-any.whl (36 kB)
Using cached python_engineio-4.14.0-py3-none-any.whl (60 kB)
Using cached simple_websocket-1.1.0-py3-none-any.whl (13 kB)
Using cached werkzeug-3.1.8-py3-none-any.whl (226 kB)
Using cached python_dateutil-2.9.0.post0-py2.py3-none-any.whl (229 kB)
Using cached six-1.17.0-py2.py3-none-any.whl (11 kB)
Using cached wsproto-1.3.2-py3-none-any.whl (24 kB)
Using cached h11-0.16.0-py3-none-any.whl (37 kB)
Installing collected packages: urllib3, six, markupsafe, itsdangerous, idna, h11, greenlet, dnspython, click, charset_normalizer, certifi, blinker, bidict, wsproto, werkzeug, requests, python-dateutil, jinja2, eventlet, simple-websocket, python-whois, flask, python-engineio, python-socketio, flask-socketio

Successfully installed bidict-0.24.1 blinker-1.9.0 certifi-2026.7.22 charset_normalizer-3.5.1 click-8.5.0 dnspython-2.8.0 eventlet-0.41.2 flask-3.1.3 flask-socketio-5.6.1 greenlet-3.5.6 h11-0.16.0 idna-3.20 itsdangerous-2.2.0 jinja2-3.1.6 markupsafe-3.0.3 python-dateutil-2.9.0.post0 python-engineio-4.14.0 python-socketio-5.17.0 python-whois-0.9.6 requests-2.34.2 simple-websocket-1.1.0 six-1.17.0 urllib3-2.8.0 werkzeug-3.1.8 wsproto-1.3.2
